2025-04-06 17:34:14,020 - INFO - GoogleScraper initialized
2025-04-06 17:34:14,020 - INFO - Starting scraping process for query: best hairdryers
2025-04-06 17:34:14,020 - INFO - Searching for: best hairdryers
2025-04-06 17:34:19,147 - INFO - Scraping website: https://www.reddit.com/r/hairstylist/comments/1e3xq5o/best_blow_dryer/
2025-04-06 17:34:20,740 - INFO - Saved data from https://www.reddit.com/r/hairstylist/comments/1e3xq5o/best_blow_dryer/
2025-04-06 17:34:25,495 - INFO - Scraping website: https://www.goodhousekeeping.com/beauty-products/hair-dryers/g550/best-hair-dryers/
2025-04-06 17:34:26,459 - INFO - Saved data from https://www.goodhousekeeping.com/beauty-products/hair-dryers/g550/best-hair-dryers/
2025-04-06 17:34:30,827 - INFO - Scraping website: https://www.reddit.com/r/Wavyhair/comments/1bwjymt/best_hair_dryers_for_diffusing/
2025-04-06 17:34:31,989 - INFO - Saved data from https://www.reddit.com/r/Wavyhair/comments/1bwjymt/best_hair_dryers_for_diffusing/
2025-04-06 17:34:36,316 - INFO - Scraping website: https://www.thesmallthingsblog.com/2024/03/dont-buy-a-new-blowdryer-until-you-read-this/
2025-04-06 17:34:36,639 - INFO - Saved data from https://www.thesmallthingsblog.com/2024/03/dont-buy-a-new-blowdryer-until-you-read-this/
2025-04-06 17:34:41,442 - INFO - Scraping website: https://www.nytimes.com/wirecutter/reviews/the-best-hair-dryer/
2025-04-06 17:34:42,759 - INFO - Saved data from https://www.nytimes.com/wirecutter/reviews/the-best-hair-dryer/
2025-04-06 17:34:47,719 - INFO - Scraping website: https://www.allure.com/gallery/best-hair-dryers
2025-04-06 17:34:49,159 - INFO - Saved data from https://www.allure.com/gallery/best-hair-dryers
2025-04-06 17:34:53,436 - INFO - Scraping website: https://www.byrdie.com/best-hair-dryers-8557739
2025-04-06 17:34:54,439 - INFO - Saved data from https://www.byrdie.com/best-hair-dryers-8557739
2025-04-06 17:34:58,819 - INFO - Scraping website: https://thenewknew.com/best-hair-dryer-for-gray-hair/
2025-04-06 17:34:59,939 - INFO - Saved data from https://thenewknew.com/best-hair-dryer-for-gray-hair/
2025-04-06 17:34:59,940 - INFO - Completed scraping 8 websites for query: best hairdryers
2025-04-06 17:40:34,172 - INFO - GoogleScraper initialized
2025-04-06 17:40:34,172 - INFO - Starting scraping process for query: best hairdryers
2025-04-06 17:40:34,172 - INFO - Searching for: best hairdryers
2025-04-06 17:40:34,878 - INFO - Found 8 valid results after filtering excluded domains
2025-04-06 17:40:38,916 - INFO - Scraping website: https://www.goodhousekeeping.com/beauty-products/hair-dryers/g550/best-hair-dryers/
2025-04-06 17:40:40,155 - INFO - Saved data from https://www.goodhousekeeping.com/beauty-products/hair-dryers/g550/best-hair-dryers/
2025-04-06 17:40:45,110 - INFO - Scraping website: https://www.thesmallthingsblog.com/2024/03/dont-buy-a-new-blowdryer-until-you-read-this/
2025-04-06 17:40:45,435 - INFO - Saved data from https://www.thesmallthingsblog.com/2024/03/dont-buy-a-new-blowdryer-until-you-read-this/
2025-04-06 17:40:49,520 - INFO - Scraping website: https://www.nytimes.com/wirecutter/reviews/the-best-hair-dryer/
2025-04-06 17:40:50,424 - INFO - Saved data from https://www.nytimes.com/wirecutter/reviews/the-best-hair-dryer/
2025-04-06 17:40:55,421 - INFO - Scraping website: https://www.allure.com/gallery/best-hair-dryers
2025-04-06 17:40:56,805 - INFO - Saved data from https://www.allure.com/gallery/best-hair-dryers
2025-04-06 17:41:00,886 - INFO - Scraping website: https://www.byrdie.com/best-hair-dryers-8557739
2025-04-06 17:41:01,844 - INFO - Saved data from https://www.byrdie.com/best-hair-dryers-8557739
2025-04-06 17:41:05,938 - INFO - Scraping website: https://thenewknew.com/best-hair-dryer-for-gray-hair/
2025-04-06 17:41:06,714 - INFO - Saved data from https://thenewknew.com/best-hair-dryer-for-gray-hair/
2025-04-06 17:41:11,537 - INFO - Scraping website: https://www.amazon.com/Best-Sellers-Hair-Dryers/zgbs/beauty/11058141
2025-04-06 17:41:12,934 - INFO - Saved data from https://www.amazon.com/Best-Sellers-Hair-Dryers/zgbs/beauty/11058141
2025-04-06 17:41:17,059 - INFO - Scraping website: https://nymag.com/strategist/article/best-hair-dryers.html
2025-04-06 17:41:19,525 - INFO - Saved data from https://nymag.com/strategist/article/best-hair-dryers.html
2025-04-06 17:41:19,526 - INFO - Completed scraping 8 websites for query: best hairdryers
2025-04-06 17:43:40,380 - INFO - GoogleScraper initialized
2025-04-06 17:43:40,380 - INFO - Starting scraping process for query: best hairdryers
2025-04-06 17:43:40,380 - INFO - Searching for: best hairdryers
2025-04-06 17:43:40,905 - INFO - Found 8 valid results after filtering excluded domains
2025-04-06 17:43:45,300 - INFO - Scraping website: https://www.goodhousekeeping.com/beauty-products/hair-dryers/g550/best-hair-dryers/
2025-04-06 17:47:28,143 - INFO - GoogleScraper initialized
2025-04-06 17:47:28,143 - INFO - Starting scraping process for query: best hairdryers
2025-04-06 17:47:28,143 - INFO - Searching for: best hairdryers
2025-04-06 17:47:28,641 - INFO - Found 8 valid results after filtering excluded domains
2025-04-06 17:47:33,255 - INFO - Scraping website: https://www.goodhousekeeping.com/beauty-products/hair-dryers/g550/best-hair-dryers/
2025-04-06 17:47:34,490 - INFO - Saved data from https://www.goodhousekeeping.com/beauty-products/hair-dryers/g550/best-hair-dryers/
2025-04-06 17:47:38,604 - INFO - Scraping website: https://www.thesmallthingsblog.com/2024/03/dont-buy-a-new-blowdryer-until-you-read-this/
2025-04-06 17:47:38,993 - INFO - Saved data from https://www.thesmallthingsblog.com/2024/03/dont-buy-a-new-blowdryer-until-you-read-this/
2025-04-06 17:47:43,523 - INFO - Scraping website: https://www.nytimes.com/wirecutter/reviews/the-best-hair-dryer/
2025-04-06 17:47:44,440 - INFO - Saved data from https://www.nytimes.com/wirecutter/reviews/the-best-hair-dryer/
2025-04-06 17:47:49,007 - INFO - Scraping website: https://www.allure.com/gallery/best-hair-dryers
2025-04-06 17:47:50,469 - INFO - Saved data from https://www.allure.com/gallery/best-hair-dryers
2025-04-06 17:47:55,033 - INFO - Scraping website: https://www.byrdie.com/best-hair-dryers-8557739
2025-04-06 17:47:55,989 - INFO - Saved data from https://www.byrdie.com/best-hair-dryers-8557739
2025-04-06 17:48:00,468 - INFO - Scraping website: https://thenewknew.com/best-hair-dryer-for-gray-hair/
2025-04-06 17:48:01,179 - INFO - Saved data from https://thenewknew.com/best-hair-dryer-for-gray-hair/
2025-04-06 17:48:05,280 - INFO - Scraping website: https://www.amazon.com/Best-Sellers-Hair-Dryers/zgbs/beauty/11058141
2025-04-06 17:48:06,940 - INFO - Saved data from https://www.amazon.com/Best-Sellers-Hair-Dryers/zgbs/beauty/11058141
2025-04-06 17:48:11,591 - INFO - Scraping website: https://nymag.com/strategist/article/best-hair-dryers.html
2025-04-06 17:48:13,970 - INFO - Saved data from https://nymag.com/strategist/article/best-hair-dryers.html
2025-04-06 17:48:13,970 - INFO - Completed scraping 8 websites for query: best hairdryers
2025-04-06 20:52:05,483 - INFO - GoogleScraper initialized
2025-04-06 20:52:05,483 - INFO - Starting scraping process for query: best hairdryers
2025-04-06 20:52:05,483 - INFO - Searching for: best hairdryers
2025-04-06 20:52:06,054 - INFO - Found 8 valid results after filtering excluded domains
2025-04-06 20:52:10,860 - INFO - Scraping website: https://www.goodhousekeeping.com/beauty-products/hair-dryers/g550/best-hair-dryers/
2025-04-06 20:52:12,087 - INFO - Saved data from https://www.goodhousekeeping.com/beauty-products/hair-dryers/g550/best-hair-dryers/
2025-04-06 20:52:16,843 - INFO - Scraping website: https://www.thesmallthingsblog.com/2024/03/dont-buy-a-new-blowdryer-until-you-read-this/
2025-04-06 20:52:17,200 - INFO - Saved data from https://www.thesmallthingsblog.com/2024/03/dont-buy-a-new-blowdryer-until-you-read-this/
2025-04-06 20:52:21,574 - INFO - Scraping website: https://www.nytimes.com/wirecutter/reviews/the-best-hair-dryer/
2025-04-06 20:52:23,048 - INFO - Saved data from https://www.nytimes.com/wirecutter/reviews/the-best-hair-dryer/
2025-04-06 20:52:27,220 - INFO - Scraping website: https://www.allure.com/gallery/best-hair-dryers
2025-04-06 20:52:28,719 - INFO - Saved data from https://www.allure.com/gallery/best-hair-dryers
2025-04-06 20:52:33,230 - INFO - Scraping website: https://www.byrdie.com/best-hair-dryers-8557739
2025-04-06 20:52:34,227 - INFO - Saved data from https://www.byrdie.com/best-hair-dryers-8557739
2025-04-06 20:52:38,856 - INFO - Scraping website: https://thenewknew.com/best-hair-dryer-for-gray-hair/
2025-04-06 20:52:40,227 - INFO - Saved data from https://thenewknew.com/best-hair-dryer-for-gray-hair/
2025-04-06 20:52:44,369 - INFO - Scraping website: https://www.amazon.com/Best-Sellers-Hair-Dryers/zgbs/beauty/11058141
2025-04-06 20:52:44,639 - ERROR - Error scraping https://www.amazon.com/Best-Sellers-Hair-Dryers/zgbs/beauty/11058141: 429 Client Error: Too Many Requests for url: https://www.amazon.com/Best-Sellers-Hair-Dryers/zgbs/beauty/11058141
2025-04-06 20:52:49,121 - INFO - Scraping website: https://nymag.com/strategist/article/best-hair-dryers.html
2025-04-06 20:52:51,727 - INFO - Saved data from https://nymag.com/strategist/article/best-hair-dryers.html
2025-04-06 20:52:51,728 - INFO - Completed scraping 7 websites for query: best hairdryers
2025-04-10 13:29:31,420 - INFO - GoogleScraper initialized
2025-04-10 13:29:31,420 - INFO - Starting scraping process for query: best hair straighteners
2025-04-10 13:29:31,420 - INFO - Searching for: best hair straighteners
2025-04-10 13:29:31,994 - INFO - Found 8 valid results after filtering excluded domains
2025-04-10 13:29:36,156 - INFO - Scraping website: https://www.forbes.com/sites/forbes-personal-shopper/article/best-hair-straightener/
2025-04-10 13:29:38,922 - INFO - Saved data from https://www.forbes.com/sites/forbes-personal-shopper/article/best-hair-straightener/
2025-04-10 13:29:43,496 - INFO - Scraping website: https://www.amazon.com/Best-Sellers-Hair-Straightening-Irons/zgbs/beauty/11058261
2025-04-10 13:29:43,751 - ERROR - Error scraping https://www.amazon.com/Best-Sellers-Hair-Straightening-Irons/zgbs/beauty/11058261: 429 Client Error: Too Many Requests for url: https://www.amazon.com/Best-Sellers-Hair-Straightening-Irons/zgbs/beauty/11058261
2025-04-10 13:29:48,281 - INFO - Scraping website: https://www.wired.com/gallery/best-hair-straighteners/
2025-04-10 13:29:49,752 - INFO - Saved data from https://www.wired.com/gallery/best-hair-straighteners/
2025-04-10 13:29:53,887 - INFO - Scraping website: https://www.goodhousekeeping.com/beauty/hair/g4903/best-hair-straighteners/
2025-04-10 13:29:54,892 - INFO - Saved data from https://www.goodhousekeeping.com/beauty/hair/g4903/best-hair-straighteners/
2025-04-10 13:29:59,566 - INFO - Scraping website: https://www.glamour.com/gallery/best-hair-straighteners-flat-irons
2025-04-10 13:30:01,092 - INFO - Saved data from https://www.glamour.com/gallery/best-hair-straighteners-flat-irons
2025-04-10 13:30:06,021 - INFO - Scraping website: https://www.theguardian.com/thefilter/2025/mar/18/best-hair-straighteners
2025-04-10 13:30:06,522 - INFO - Saved data from https://www.theguardian.com/thefilter/2025/mar/18/best-hair-straighteners
2025-04-10 13:30:11,211 - INFO - Scraping website: https://www.cosmopolitan.com/style-beauty/beauty/g12837010/best-hair-straightener-flat-iron/
2025-04-10 13:30:12,262 - INFO - Saved data from https://www.cosmopolitan.com/style-beauty/beauty/g12837010/best-hair-straightener-flat-iron/
2025-04-10 13:30:16,491 - INFO - Scraping website: https://www.telegraph.co.uk/recommended/beauty-style/best-hair-straighteners/
2025-04-10 13:30:16,652 - ERROR - Error scraping https://www.telegraph.co.uk/recommended/beauty-style/best-hair-straighteners/: 403 Client Error: Forbidden for url: https://www.telegraph.co.uk/recommended/beauty-style/best-hair-straighteners/
2025-04-10 13:30:16,652 - INFO - Completed scraping 6 websites for query: best hair straighteners
2025-04-10 13:30:32,388 - INFO - GoogleScraper initialized
2025-04-10 13:30:32,388 - INFO - Starting scraping process for query: best microwaves
2025-04-10 13:30:32,388 - INFO - Searching for: best microwaves
2025-04-10 13:30:32,957 - INFO - Found 8 valid results after filtering excluded domains
2025-04-10 13:30:36,972 - INFO - Scraping website: https://www.consumerreports.org/appliances/microwave-ovens/best-microwaves-of-the-year-a4592238775/
2025-04-10 13:30:39,162 - INFO - Saved data from https://www.consumerreports.org/appliances/microwave-ovens/best-microwaves-of-the-year-a4592238775/
2025-04-10 13:30:43,639 - INFO - Scraping website: https://www.nytimes.com/wirecutter/reviews/best-microwave/
2025-04-10 13:30:46,174 - INFO - Saved data from https://www.nytimes.com/wirecutter/reviews/best-microwave/
2025-04-10 13:30:50,178 - INFO - Scraping website: https://www.bonappetit.com/story/best-countertop-microwaves
2025-04-10 13:30:51,212 - INFO - Saved data from https://www.bonappetit.com/story/best-countertop-microwaves
2025-04-10 13:30:55,779 - INFO - Scraping website: https://www.chicagotribune.com/2025/02/20/best-microwaves/
2025-04-10 13:30:56,146 - ERROR - Error scraping https://www.chicagotribune.com/2025/02/20/best-microwaves/: 403 Client Error: Forbidden for url: https://www.chicagotribune.com/2025/02/20/best-microwaves/
2025-04-10 13:31:00,591 - INFO - Scraping website: https://www.businessinsider.com/guides/kitchen/best-microwave
2025-04-10 13:31:02,552 - INFO - Saved data from https://www.businessinsider.com/guides/kitchen/best-microwave
2025-04-10 13:31:07,477 - INFO - Scraping website: https://www.bestbuy.com/site/home-appliances/microwaves/abcat0903000.c?id=abcat0903000
2025-04-10 13:31:07,782 - INFO - Saved data from https://www.bestbuy.com/site/home-appliances/microwaves/abcat0903000.c?id=abcat0903000
2025-04-10 13:31:12,673 - INFO - Scraping website: https://www.rtings.com/microwave
2025-04-10 13:31:13,152 - INFO - Saved data from https://www.rtings.com/microwave
2025-04-10 13:31:17,934 - INFO - Scraping website: https://www.seriouseats.com/best-microwaves-7501765
2025-04-10 13:31:18,932 - INFO - Saved data from https://www.seriouseats.com/best-microwaves-7501765
2025-04-10 13:31:18,933 - INFO - Completed scraping 7 websites for query: best microwaves
2025-04-10 20:04:38,880 - INFO - GoogleScraper initialized
2025-04-10 20:04:38,881 - INFO - Starting scraping process for query: best hair conditioner
2025-04-10 20:04:38,881 - INFO - Searching for: best hair conditioner
2025-04-10 20:04:39,492 - INFO - Found 8 valid results after filtering excluded domains
2025-04-10 20:04:44,158 - INFO - Scraping website: https://www.amazon.com/Best-Sellers-Hair-Conditioner/zgbs/beauty/11057251
2025-04-10 20:04:46,501 - INFO - Saved data from https://www.amazon.com/Best-Sellers-Hair-Conditioner/zgbs/beauty/11057251
2025-04-10 20:04:50,844 - INFO - Scraping website: https://www.byrdie.com/best-conditioners-4584116
2025-04-10 20:04:52,101 - INFO - Saved data from https://www.byrdie.com/best-conditioners-4584116
2025-04-10 20:04:56,916 - INFO - Scraping website: https://www.self.com/story/best-conditioners-for-thinning-hair
2025-04-10 20:04:58,221 - INFO - Saved data from https://www.self.com/story/best-conditioners-for-thinning-hair
2025-04-10 20:05:02,311 - INFO - Scraping website: https://www.goodhousekeeping.com/uk/product-reviews/fashion-and-beauty/g61740113/best-conditioner/
2025-04-10 20:05:03,191 - INFO - Saved data from https://www.goodhousekeeping.com/uk/product-reviews/fashion-and-beauty/g61740113/best-conditioner/
2025-04-10 20:05:07,568 - INFO - Scraping website: https://www.oribe.com/collections/bestsellers
2025-04-10 20:05:09,001 - INFO - Saved data from https://www.oribe.com/collections/bestsellers
2025-04-10 20:05:13,439 - INFO - Scraping website: https://nymag.com/strategist/article/best-conditioners.html
2025-04-10 20:05:15,942 - INFO - Saved data from https://nymag.com/strategist/article/best-conditioners.html
2025-04-10 20:05:20,468 - INFO - Scraping website: https://eva-nyc.com/collections/conditioner
2025-04-10 20:05:21,761 - INFO - Saved data from https://eva-nyc.com/collections/conditioner
2025-04-10 20:05:26,226 - INFO - Scraping website: https://olaplex.com/collections/best-seller-us
2025-04-10 20:05:27,301 - INFO - Saved data from https://olaplex.com/collections/best-seller-us
2025-04-10 20:05:27,302 - INFO - Completed scraping 8 websites for query: best hair conditioner
2025-04-14 15:46:49,215 - INFO - GoogleScraper initialized
2025-04-14 15:46:49,215 - INFO - Starting scraping process for query: best Over-ear headphones 2025
2025-04-14 15:46:49,215 - INFO - Searching for: best Over-ear headphones 2025
2025-04-14 15:46:49,967 - INFO - Found 9 valid results after filtering excluded domains
2025-04-14 15:46:54,794 - INFO - Scraping website: https://www.nytimes.com/wirecutter/reviews/best-over-ear-headphones/
2025-04-14 15:46:56,706 - INFO - Saved data from https://www.nytimes.com/wirecutter/reviews/best-over-ear-headphones/
2025-04-14 15:47:01,613 - INFO - Scraping website: https://www.pcmag.com/picks/the-best-on-earover-ear-headphones
2025-04-14 15:47:01,773 - ERROR - Error scraping https://www.pcmag.com/picks/the-best-on-earover-ear-headphones: 403 Client Error: Forbidden for url: https://www.pcmag.com/picks/the-best-on-earover-ear-headphones
2025-04-14 15:47:06,202 - INFO - Scraping website: https://www.rtings.com/headphones/reviews/best/headphones
2025-04-14 15:47:07,465 - INFO - Saved data from https://www.rtings.com/headphones/reviews/best/headphones
2025-04-14 15:47:12,433 - INFO - Scraping website: https://www.cnet.com/tech/mobile/best-headphones/
2025-04-14 15:47:15,236 - INFO - Saved data from https://www.cnet.com/tech/mobile/best-headphones/
2025-04-14 15:47:19,602 - INFO - Scraping website: https://www.techradar.com/news/audio/portable-audio/best-over-ear-headphones-1280342
2025-04-14 15:47:21,016 - INFO - Saved data from https://www.techradar.com/news/audio/portable-audio/best-over-ear-headphones-1280342
2025-04-14 15:47:25,859 - INFO - Scraping website: https://www.cnet.com/tech/mobile/best-over-ear-headphones/
2025-04-14 15:47:28,376 - INFO - Saved data from https://www.cnet.com/tech/mobile/best-over-ear-headphones/
2025-04-14 15:47:32,492 - INFO - Scraping website: https://www.whathifi.com/best-buys/best-wireless-headphones
2025-04-14 15:47:33,795 - INFO - Saved data from https://www.whathifi.com/best-buys/best-wireless-headphones
2025-04-14 15:47:38,739 - INFO - Scraping website: https://www.wired.com/gallery/best-wireless-headphones/
2025-04-14 15:47:40,145 - INFO - Saved data from https://www.wired.com/gallery/best-wireless-headphones/
2025-04-14 15:47:40,145 - INFO - Completed scraping 7 websites for query: best Over-ear headphones 2025
2025-04-16 10:42:45,490 - INFO - GoogleScraper initialized
2025-04-16 10:42:45,490 - INFO - Starting scraping process for query: best protein powder 2025
2025-04-16 10:42:45,490 - INFO - Searching for: best protein powder 2025
2025-04-16 10:42:46,093 - INFO - Found 10 valid results after filtering excluded domains
2025-04-16 10:42:50,957 - INFO - Scraping website: https://www.forbes.com/sites/forbes-personal-shopper/article/best-protein-powder/
2025-04-16 10:42:52,359 - INFO - Saved data from https://www.forbes.com/sites/forbes-personal-shopper/article/best-protein-powder/
2025-04-16 10:42:57,350 - INFO - Scraping website: https://www.bbcgoodfood.com/review/best-protein-powders/
2025-04-16 10:42:59,559 - INFO - Saved data from https://www.bbcgoodfood.com/review/best-protein-powders/
2025-04-16 10:43:04,144 - INFO - Scraping website: https://www.menshealth.com/nutrition/g64176869/best-protein-powders/
2025-04-16 10:43:05,770 - INFO - Saved data from https://www.menshealth.com/nutrition/g64176869/best-protein-powders/
2025-04-16 10:43:10,771 - INFO - Scraping website: https://www.gq.com/story/best-protein-powder-muscle-gain
2025-04-16 10:43:11,890 - INFO - Saved data from https://www.gq.com/story/best-protein-powder-muscle-gain
2025-04-16 10:43:16,100 - INFO - Scraping website: https://www.cnet.com/health/fitness/best-protein-shakes/
2025-04-16 10:43:18,630 - INFO - Saved data from https://www.cnet.com/health/fitness/best-protein-shakes/
2025-04-16 10:43:23,559 - INFO - Scraping website: https://www.wired.com/gallery/best-protein-powders/
2025-04-16 10:43:26,120 - INFO - Saved data from https://www.wired.com/gallery/best-protein-powders/
2025-04-16 10:43:30,566 - INFO - Scraping website: https://www.cnet.com/health/fitness/best-protein-powders/
2025-04-16 10:43:31,980 - INFO - Saved data from https://www.cnet.com/health/fitness/best-protein-powders/
2025-04-16 10:43:36,728 - INFO - Scraping website: https://www.womenshealthmag.com/fitness/g44630683/best-protein-powders-for-women/
2025-04-16 10:43:38,550 - INFO - Saved data from https://www.womenshealthmag.com/fitness/g44630683/best-protein-powders-for-women/
2025-04-16 10:43:42,989 - INFO - Scraping website: https://www.garagegymreviews.com/best-whey-protein
2025-04-16 10:43:44,610 - INFO - Saved data from https://www.garagegymreviews.com/best-whey-protein
2025-04-16 10:43:49,044 - INFO - Scraping website: https://www.yahoo.com/lifestyle/best-protein-powder-154904647.html
2025-04-16 10:43:50,681 - INFO - Saved data from https://www.yahoo.com/lifestyle/best-protein-powder-154904647.html
2025-04-16 10:43:50,681 - INFO - Completed scraping 10 websites for query: best protein powder 2025
2025-04-16 10:44:09,478 - INFO - GoogleScraper initialized
2025-04-16 10:44:09,478 - INFO - Starting scraping process for query: best fitness tracker 2025
2025-04-16 10:44:09,478 - INFO - Searching for: best fitness tracker 2025
2025-04-16 10:44:13,703 - INFO - Found 19 valid results after filtering excluded domains
2025-04-16 10:44:18,041 - INFO - Scraping website: https://www.forbes.com/sites/forbes-personal-shopper/article/best-fitness-trackers/
2025-04-16 10:44:19,230 - INFO - Saved data from https://www.forbes.com/sites/forbes-personal-shopper/article/best-fitness-trackers/
2025-04-16 10:44:23,924 - INFO - Scraping website: https://www.pcmag.com/picks/the-best-fitness-trackers
2025-04-16 10:44:24,087 - ERROR - Error scraping https://www.pcmag.com/picks/the-best-fitness-trackers: 403 Client Error: Forbidden for url: https://www.pcmag.com/picks/the-best-fitness-trackers
2025-04-16 10:44:28,277 - INFO - Scraping website: https://www.wired.com/gallery/best-fitness-tracker/
2025-04-16 10:44:29,989 - INFO - Saved data from https://www.wired.com/gallery/best-fitness-tracker/
2025-04-16 10:44:34,741 - INFO - Scraping website: https://www.techgearlab.com/topics/health-fitness/best-fitness-tracker
2025-04-16 10:44:36,410 - INFO - Saved data from https://www.techgearlab.com/topics/health-fitness/best-fitness-tracker
2025-04-16 10:44:40,484 - INFO - Scraping website: https://www.theverge.com/22985108/best-fitness-tracker
2025-04-16 10:44:41,470 - INFO - Saved data from https://www.theverge.com/22985108/best-fitness-tracker
2025-04-16 10:44:45,534 - INFO - Scraping website: https://www.nytimes.com/wirecutter/reviews/the-best-fitness-trackers/
2025-04-16 10:44:46,821 - INFO - Saved data from https://www.nytimes.com/wirecutter/reviews/the-best-fitness-trackers/
2025-04-16 10:44:51,308 - INFO - Scraping website: https://www.menshealth.com/fitness/g60175762/best-fitness-trackers/
2025-04-16 10:44:52,211 - INFO - Saved data from https://www.menshealth.com/fitness/g60175762/best-fitness-trackers/
2025-04-16 10:44:56,656 - INFO - Scraping website: https://www.tomsguide.com/us/best-fitness-trackers,review-2066.html
2025-04-16 10:44:57,851 - INFO - Saved data from https://www.tomsguide.com/us/best-fitness-trackers,review-2066.html
2025-04-16 10:45:02,494 - INFO - Scraping website: https://www.amazon.com/Best-Sellers-Activity-Fitness-Trackers/zgbs/sporting-goods/5393958011
2025-04-16 10:45:03,941 - INFO - Saved data from https://www.amazon.com/Best-Sellers-Activity-Fitness-Trackers/zgbs/sporting-goods/5393958011
2025-04-16 10:45:08,368 - INFO - Scraping website: https://gearjunkie.com/health-fitness/best-fitness-watch
2025-04-16 10:45:09,871 - INFO - Saved data from https://gearjunkie.com/health-fitness/best-fitness-watch
2025-04-16 10:45:09,871 - INFO - Completed scraping 9 websites for query: best fitness tracker 2025
2025-04-16 10:45:53,931 - INFO - GoogleScraper initialized
2025-04-16 10:45:53,931 - INFO - Starting scraping process for query: best massage gun 2025
2025-04-16 10:45:53,931 - INFO - Searching for: best massage gun 2025
2025-04-16 10:45:58,226 - INFO - Found 19 valid results after filtering excluded domains
2025-04-16 10:46:02,418 - INFO - Scraping website: https://www.menshealth.com/fitness/g43696484/the-best-massage-guns/
2025-04-16 10:46:06,832 - INFO - Saved data from https://www.menshealth.com/fitness/g43696484/the-best-massage-guns/
2025-04-16 10:46:11,325 - INFO - Scraping website: https://www.forbes.com/sites/forbes-personal-shopper/article/best-massage-guns/
2025-04-16 10:46:14,191 - INFO - Saved data from https://www.forbes.com/sites/forbes-personal-shopper/article/best-massage-guns/
2025-04-16 10:46:18,249 - INFO - Scraping website: https://www.nytimes.com/wirecutter/reviews/best-massage-guns/
2025-04-16 10:46:20,142 - INFO - Saved data from https://www.nytimes.com/wirecutter/reviews/best-massage-guns/
2025-04-16 10:46:24,299 - INFO - Scraping website: https://nymag.com/strategist/article/best-massage-guns.html
2025-04-16 10:46:29,853 - INFO - Saved data from https://nymag.com/strategist/article/best-massage-guns.html
2025-04-16 10:46:34,688 - INFO - Scraping website: https://www.cnet.com/health/fitness/best-massage-gun/
2025-04-16 10:46:36,262 - INFO - Saved data from https://www.cnet.com/health/fitness/best-massage-gun/
2025-04-16 10:46:40,387 - INFO - Scraping website: https://www.theguardian.com/thefilter/2025/jan/24/best-massage-guns
2025-04-16 10:46:41,872 - INFO - Saved data from https://www.theguardian.com/thefilter/2025/jan/24/best-massage-guns
2025-04-16 10:46:46,352 - INFO - Scraping website: https://www.runnersworld.com/gear/a32813900/best-percussion-therapy-devices/
2025-04-16 10:46:47,143 - INFO - Saved data from https://www.runnersworld.com/gear/a32813900/best-percussion-therapy-devices/
2025-04-16 10:46:52,053 - INFO - Scraping website: https://www.verywellfit.com/best-massage-guns-4800201
2025-04-16 10:46:53,652 - INFO - Saved data from https://www.verywellfit.com/best-massage-guns-4800201
2025-04-16 10:46:58,642 - INFO - Scraping website: https://www.consumerreports.org/health/massage-guns/massage-gun-buying-guide-a1197181514/
2025-04-16 10:47:00,492 - INFO - Saved data from https://www.consumerreports.org/health/massage-guns/massage-gun-buying-guide-a1197181514/
2025-04-16 10:47:05,352 - INFO - Scraping website: https://massagegunadvice.com/most-powerful-massage-guns/
2025-04-16 10:47:07,112 - INFO - Saved data from https://massagegunadvice.com/most-powerful-massage-guns/
2025-04-16 10:47:07,113 - INFO - Completed scraping 10 websites for query: best massage gun 2025
2025-04-16 10:47:24,592 - INFO - GoogleScraper initialized
2025-04-16 10:47:24,592 - INFO - Starting scraping process for query: best Exercise bike 2025
2025-04-16 10:47:24,592 - INFO - Searching for: best Exercise bike 2025
2025-04-16 10:47:28,476 - INFO - Found 19 valid results after filtering excluded domains
2025-04-16 10:47:32,636 - INFO - Scraping website: https://www.nytimes.com/wirecutter/reviews/best-exercise-bikes/
2025-04-16 10:47:34,763 - INFO - Saved data from https://www.nytimes.com/wirecutter/reviews/best-exercise-bikes/
2025-04-16 10:47:39,329 - INFO - Scraping website: https://www.outdoorgearlab.com/topics/fitness/best-exercise-bike
2025-04-16 10:47:41,053 - INFO - Saved data from https://www.outdoorgearlab.com/topics/fitness/best-exercise-bike
2025-04-16 10:47:45,133 - INFO - Scraping website: https://www.cyclingweekly.com/news/best-exercise-bikes-407424
2025-04-16 10:47:46,143 - INFO - Saved data from https://www.cyclingweekly.com/news/best-exercise-bikes-407424
2025-04-16 10:47:50,740 - INFO - Scraping website: https://www.garagegymreviews.com/best-exercise-bike
2025-04-16 10:47:52,314 - INFO - Saved data from https://www.garagegymreviews.com/best-exercise-bike
2025-04-16 10:47:56,403 - INFO - Scraping website: https://nymag.com/strategist/article/best-exercise-bikes.html
2025-04-16 10:47:58,844 - INFO - Saved data from https://nymag.com/strategist/article/best-exercise-bikes.html
2025-04-16 10:48:03,688 - INFO - Scraping website: https://www.cyclingnews.com/features/best-exercise-bike/
2025-04-16 10:48:04,684 - INFO - Saved data from https://www.cyclingnews.com/features/best-exercise-bike/
2025-04-16 10:48:09,388 - INFO - Scraping website: https://www.cnet.com/health/fitness/best-exercise-bike/
2025-04-16 10:48:10,792 - INFO - Saved data from https://www.cnet.com/health/fitness/best-exercise-bike/
2025-04-16 10:48:15,569 - INFO - Scraping website: https://www.pcmag.com/picks/the-best-smart-exercise-bikes
2025-04-16 10:48:15,714 - ERROR - Error scraping https://www.pcmag.com/picks/the-best-smart-exercise-bikes: 403 Client Error: Forbidden for url: https://www.pcmag.com/picks/the-best-smart-exercise-bikes
2025-04-16 10:48:20,176 - INFO - Scraping website: https://www.amazon.com/Best-Sellers-Exercise-Bikes/zgbs/sporting-goods/3407781
2025-04-16 10:48:20,423 - ERROR - Error scraping https://www.amazon.com/Best-Sellers-Exercise-Bikes/zgbs/sporting-goods/3407781: 429 Client Error:  for url: https://www.amazon.com/Best-Sellers-Exercise-Bikes/zgbs/sporting-goods/3407781
2025-04-16 10:48:25,346 - INFO - Scraping website: https://www.sfgate.com/shopping/article/best-exercise-bikes-20031893.php
2025-04-16 10:48:25,525 - ERROR - Error scraping https://www.sfgate.com/shopping/article/best-exercise-bikes-20031893.php: 403 Client Error: Forbidden for url: https://www.sfgate.com/shopping/article/best-exercise-bikes-20031893.php
2025-04-16 10:48:25,526 - INFO - Completed scraping 7 websites for query: best Exercise bike 2025
2025-04-16 10:48:40,143 - INFO - GoogleScraper initialized
2025-04-16 10:48:40,144 - INFO - Starting scraping process for query: best Smart scale 2025
2025-04-16 10:48:40,144 - INFO - Searching for: best Smart scale 2025
2025-04-16 10:48:44,257 - INFO - Found 19 valid results after filtering excluded domains
2025-04-16 10:48:48,834 - INFO - Scraping website: https://www.pcmag.com/picks/the-best-smart-scales
2025-04-16 10:48:48,955 - ERROR - Error scraping https://www.pcmag.com/picks/the-best-smart-scales: 403 Client Error: Forbidden for url: https://www.pcmag.com/picks/the-best-smart-scales
2025-04-16 10:48:53,475 - INFO - Scraping website: https://www.cnet.com/health/fitness/best-smart-scale/
2025-04-16 10:48:55,294 - INFO - Saved data from https://www.cnet.com/health/fitness/best-smart-scale/
2025-04-16 10:48:59,679 - INFO - Scraping website: https://www.nytimes.com/wirecutter/reviews/best-smart-scales/
2025-04-16 10:49:01,644 - INFO - Saved data from https://www.nytimes.com/wirecutter/reviews/best-smart-scales/
2025-04-16 10:49:06,217 - INFO - Scraping website: https://www.tomsguide.com/us/best-smart-scales,review-3469.html
2025-04-16 10:49:07,582 - INFO - Saved data from https://www.tomsguide.com/us/best-smart-scales,review-3469.html
2025-04-16 10:49:12,542 - INFO - Scraping website: https://www.garagegymreviews.com/best-smart-scales
2025-04-16 10:49:13,734 - INFO - Saved data from https://www.garagegymreviews.com/best-smart-scales
2025-04-16 10:49:18,720 - INFO - Scraping website: https://www.techradar.com/best/best-smart-scales
2025-04-16 10:49:19,784 - INFO - Saved data from https://www.techradar.com/best/best-smart-scales
2025-04-16 10:49:24,406 - INFO - Scraping website: https://www.engadget.com/home/smart-home/best-smart-scale-160033523.html
2025-04-16 10:49:25,784 - INFO - Saved data from https://www.engadget.com/home/smart-home/best-smart-scale-160033523.html
2025-04-16 10:49:30,200 - INFO - Scraping website: https://amp.cnn.com/amp/cnn-underscored/reviews/best-smart-scale
2025-04-16 10:49:30,884 - INFO - Saved data from https://amp.cnn.com/amp/cnn-underscored/reviews/best-smart-scale
2025-04-16 10:49:35,590 - INFO - Scraping website: https://www.livescience.com/best-smart-scales
2025-04-16 10:49:36,874 - INFO - Saved data from https://www.livescience.com/best-smart-scales
2025-04-16 10:49:41,221 - INFO - Scraping website: https://www.goodhousekeeping.com/uk/product-reviews/health-leisure/g25726584/best-bathroom-scales/
2025-04-16 10:49:42,154 - INFO - Saved data from https://www.goodhousekeeping.com/uk/product-reviews/health-leisure/g25726584/best-bathroom-scales/
2025-04-16 10:49:42,155 - INFO - Completed scraping 9 websites for query: best Smart scale 2025
2025-04-16 13:52:17,527 - INFO - GoogleScraper initialized
2025-04-16 13:52:17,527 - INFO - Starting scraping process for query: best Air fryer 2025
2025-04-16 13:52:17,527 - INFO - Searching for: best Air fryer 2025
2025-04-16 13:52:21,750 - INFO - Found 19 valid results after filtering excluded domains
2025-04-16 13:52:26,559 - INFO - Scraping website: https://www.bonappetit.com/story/best-air-fryers-reviewed
2025-04-16 13:52:28,107 - INFO - Saved data from https://www.bonappetit.com/story/best-air-fryers-reviewed
2025-04-16 13:52:32,414 - INFO - Scraping website: https://www.goodhousekeeping.com/appliances/a24630295/best-air-fryers-reviews/
2025-04-16 13:52:33,737 - INFO - Saved data from https://www.goodhousekeeping.com/appliances/a24630295/best-air-fryers-reviews/
2025-04-16 13:52:38,555 - INFO - Scraping website: https://www.tomsguide.com/best-picks/best-air-fryers
2025-04-16 13:52:39,617 - INFO - Saved data from https://www.tomsguide.com/best-picks/best-air-fryers
2025-04-16 13:52:44,377 - INFO - Scraping website: https://www.foodnetwork.com/how-to/packages/shopping/product-reviews/best-air-fryer
2025-04-16 13:52:44,480 - ERROR - Error scraping https://www.foodnetwork.com/how-to/packages/shopping/product-reviews/best-air-fryer: 403 Client Error: Forbidden for url: https://www.foodnetwork.com/how-to/packages/shopping/product-reviews/best-air-fryer
2025-04-16 13:52:49,468 - INFO - Scraping website: https://www.wired.com/gallery/best-air-fryer/
2025-04-16 13:52:50,807 - INFO - Saved data from https://www.wired.com/gallery/best-air-fryer/
2025-04-16 13:52:54,872 - INFO - Scraping website: https://www.seriouseats.com/best-air-fryer-6824732
2025-04-16 13:52:55,877 - INFO - Saved data from https://www.seriouseats.com/best-air-fryer-6824732
2025-04-16 13:53:00,041 - INFO - Scraping website: https://www.theguardian.com/thefilter/2025/mar/02/best-air-fryers
2025-04-16 13:53:01,317 - INFO - Saved data from https://www.theguardian.com/thefilter/2025/mar/02/best-air-fryers
2025-04-16 13:53:05,468 - INFO - Scraping website: https://www.cnet.com/home/kitchen-and-household/best-air-fryer/
2025-04-16 13:53:09,917 - INFO - Saved data from https://www.cnet.com/home/kitchen-and-household/best-air-fryer/
2025-04-16 13:53:14,907 - INFO - Scraping website: https://www.bbcgoodfood.com/review/best-air-fryers/
2025-04-16 13:53:15,817 - INFO - Saved data from https://www.bbcgoodfood.com/review/best-air-fryers/
2025-04-16 13:53:20,162 - INFO - Scraping website: https://www.nytimes.com/wirecutter/reviews/best-air-fryer/
2025-04-16 13:53:21,467 - INFO - Saved data from https://www.nytimes.com/wirecutter/reviews/best-air-fryer/
2025-04-16 13:53:21,468 - INFO - Completed scraping 9 websites for query: best Air fryer 2025
2025-04-16 13:54:08,416 - INFO - GoogleScraper initialized
2025-04-16 13:54:08,416 - INFO - Starting scraping process for query: best Vacuum cleaner 2025
2025-04-16 13:54:08,416 - INFO - Searching for: best Vacuum cleaner 2025
2025-04-16 13:54:12,726 - INFO - Found 19 valid results after filtering excluded domains
2025-04-16 13:54:17,374 - INFO - Scraping website: https://www.nytimes.com/wirecutter/reviews/best-vacuum-cleaner/
2025-04-16 13:54:19,627 - INFO - Saved data from https://www.nytimes.com/wirecutter/reviews/best-vacuum-cleaner/
2025-04-16 13:54:23,863 - INFO - Scraping website: https://www.consumerreports.org/appliances/vacuum-cleaners/best-vacuums-of-the-year-a1212436704/
2025-04-16 13:54:24,717 - INFO - Saved data from https://www.consumerreports.org/appliances/vacuum-cleaners/best-vacuums-of-the-year-a1212436704/
2025-04-16 13:54:29,383 - INFO - Scraping website: https://www.techgearlab.com/topics/floor-cleaning/best-vacuum-cleaner
2025-04-16 13:54:31,267 - INFO - Saved data from https://www.techgearlab.com/topics/floor-cleaning/best-vacuum-cleaner
2025-04-16 13:54:35,834 - INFO - Scraping website: https://www.goodhousekeeping.com/appliances/vacuum-cleaner-reviews/g1833/best-vacuums-1007/
2025-04-16 13:54:36,737 - INFO - Saved data from https://www.goodhousekeeping.com/appliances/vacuum-cleaner-reviews/g1833/best-vacuums-1007/
2025-04-16 13:54:41,228 - INFO - Scraping website: https://vacuumwars.com/
2025-04-16 13:54:41,369 - ERROR - Error scraping https://vacuumwars.com/: 403 Client Error: Forbidden for url: https://vacuumwars.com/
2025-04-16 13:54:46,176 - INFO - Scraping website: https://www.businessinsider.com/guides/home/best-vacuum
2025-04-16 13:54:46,962 - INFO - Saved data from https://www.businessinsider.com/guides/home/best-vacuum
2025-04-16 13:54:51,847 - INFO - Scraping website: https://www.tomsguide.com/best-picks/best-vacuum-cleaners
2025-04-16 13:54:53,018 - INFO - Saved data from https://www.tomsguide.com/best-picks/best-vacuum-cleaners
2025-04-16 13:54:57,309 - INFO - Scraping website: https://www.rtings.com/vacuum/reviews/best/vacuum-cleaners
2025-04-16 13:54:58,198 - INFO - Saved data from https://www.rtings.com/vacuum/reviews/best/vacuum-cleaners
2025-04-16 13:55:02,863 - INFO - Scraping website: https://vacuumwars.com/best-vacuum-cleaners/best-carpet-cleaners/
2025-04-16 13:55:02,969 - ERROR - Error scraping https://vacuumwars.com/best-vacuum-cleaners/best-carpet-cleaners/: 403 Client Error: Forbidden for url: https://vacuumwars.com/best-vacuum-cleaners/best-carpet-cleaners/
2025-04-16 13:55:07,530 - INFO - Scraping website: https://www.sylvane.com/the-best-vacuum-cleaners.html
2025-04-16 13:55:07,694 - ERROR - Error scraping https://www.sylvane.com/the-best-vacuum-cleaners.html: 403 Client Error: Forbidden for url: https://www.sylvane.com/the-best-vacuum-cleaners.html
2025-04-16 13:55:07,695 - INFO - Completed scraping 7 websites for query: best Vacuum cleaner 2025
2025-04-16 13:55:41,886 - INFO - GoogleScraper initialized
2025-04-16 13:55:41,886 - INFO - Starting scraping process for query: best Coffee makers 2025
2025-04-16 13:55:41,886 - INFO - Searching for: best Coffee makers 2025
2025-04-16 13:55:46,261 - INFO - Found 19 valid results after filtering excluded domains
2025-04-16 13:55:50,693 - INFO - Scraping website: https://coffeekev.com/best-drip-coffee-maker/
2025-04-16 13:55:52,417 - INFO - Saved data from https://coffeekev.com/best-drip-coffee-maker/
2025-04-16 13:55:56,617 - INFO - Scraping website: https://www.wired.com/gallery/best-coffee-makers/
2025-04-16 13:55:57,988 - INFO - Saved data from https://www.wired.com/gallery/best-coffee-makers/
2025-04-16 13:56:02,762 - INFO - Scraping website: https://www.nytimes.com/wirecutter/reviews/best-coffee-maker/
2025-04-16 13:56:04,417 - INFO - Saved data from https://www.nytimes.com/wirecutter/reviews/best-coffee-maker/
2025-04-16 13:56:09,167 - INFO - Scraping website: https://www.goodhousekeeping.com/appliances/coffee-maker-reviews/g2083/top-rated-coffeemakers/
2025-04-16 13:56:10,198 - INFO - Saved data from https://www.goodhousekeeping.com/appliances/coffee-maker-reviews/g2083/top-rated-coffeemakers/
2025-04-16 13:56:14,508 - INFO - Scraping website: https://www.techgearlab.com/topics/kitchen/best-coffee-maker
2025-04-16 13:56:15,667 - INFO - Saved data from https://www.techgearlab.com/topics/kitchen/best-coffee-maker
2025-04-16 13:56:19,745 - INFO - Scraping website: https://www.bonappetit.com/story/best-drip-coffee-makers
2025-04-16 13:56:21,058 - INFO - Saved data from https://www.bonappetit.com/story/best-drip-coffee-makers
2025-04-16 13:56:25,435 - INFO - Scraping website: https://www.businessinsider.com/guides/kitchen/best-coffee-maker
2025-04-16 13:56:27,467 - INFO - Saved data from https://www.businessinsider.com/guides/kitchen/best-coffee-maker
2025-04-16 13:56:31,816 - INFO - Scraping website: https://www.cnn.com/cnn-underscored/reviews/best-coffee-makers
2025-04-16 13:56:35,148 - INFO - Saved data from https://www.cnn.com/cnn-underscored/reviews/best-coffee-makers
2025-04-16 13:56:39,174 - INFO - Scraping website: https://www.epicurious.com/expert-advice/the-best-drip-coffee-maker-article
2025-04-16 13:56:40,588 - INFO - Saved data from https://www.epicurious.com/expert-advice/the-best-drip-coffee-maker-article
2025-04-16 13:56:44,980 - INFO - Scraping website: https://www.seriouseats.com/the-best-automatic-drip-coffee-makers
2025-04-16 13:56:45,858 - INFO - Saved data from https://www.seriouseats.com/the-best-automatic-drip-coffee-makers
2025-04-16 13:56:45,858 - INFO - Completed scraping 10 websites for query: best Coffee makers 2025
2025-04-16 13:57:17,318 - INFO - GoogleScraper initialized
2025-04-16 13:57:17,318 - INFO - Starting scraping process for query: best Kitchen aid 2025
2025-04-16 13:57:17,318 - INFO - Searching for: best Kitchen aid 2025
2025-04-16 13:57:21,232 - INFO - Found 18 valid results after filtering excluded domains
2025-04-16 13:57:25,755 - INFO - Scraping website: https://www.seriouseats.com/best-kitchenaid-stand-mixer-6754999
2025-04-16 13:57:26,778 - INFO - Saved data from https://www.seriouseats.com/best-kitchenaid-stand-mixer-6754999
2025-04-16 13:57:31,182 - INFO - Scraping website: https://www.seriouseats.com/best-stand-mixers-7377555
2025-04-16 13:57:32,118 - INFO - Saved data from https://www.seriouseats.com/best-stand-mixers-7377555
2025-04-16 13:57:36,238 - INFO - Scraping website: https://www.kitchenaid.com/pinch-of-help/major-appliances/best-electric-cooktops.html
2025-04-16 13:57:37,688 - INFO - Saved data from https://www.kitchenaid.com/pinch-of-help/major-appliances/best-electric-cooktops.html
2025-04-16 13:57:42,397 - INFO - Scraping website: https://www.cnn.com/cnn-underscored/reviews/best-kitchenaid-attachments
2025-04-16 13:57:45,568 - INFO - Saved data from https://www.cnn.com/cnn-underscored/reviews/best-kitchenaid-attachments
2025-04-16 13:57:49,810 - INFO - Scraping website: https://www.kitchenaid.com/pinch-of-help/stand-mixers/best-kitchenaid-mixer.html
2025-04-16 13:57:50,978 - INFO - Saved data from https://www.kitchenaid.com/pinch-of-help/stand-mixers/best-kitchenaid-mixer.html
2025-04-16 13:57:55,559 - INFO - Scraping website: https://www.nytimes.com/wirecutter/reviews/best-stand-mixer/
2025-04-16 13:57:57,718 - INFO - Saved data from https://www.nytimes.com/wirecutter/reviews/best-stand-mixer/
2025-04-16 13:58:02,647 - INFO - Scraping website: https://www.kitchenaid.com/pinch-of-help/stand-mixers/kitchenaid-mixer-colors.html
2025-04-16 13:58:03,938 - INFO - Saved data from https://www.kitchenaid.com/pinch-of-help/stand-mixers/kitchenaid-mixer-colors.html
2025-04-16 13:58:08,052 - INFO - Scraping website: https://chrislovesjulia.com/the-best-can-opener/
2025-04-16 13:58:08,837 - INFO - Saved data from https://chrislovesjulia.com/the-best-can-opener/
2025-04-16 13:58:13,825 - INFO - Scraping website: https://www.kitchenaid.com/pinch-of-help/major-appliances/refrigerator-buying-guide.html
2025-04-16 13:58:14,778 - INFO - Saved data from https://www.kitchenaid.com/pinch-of-help/major-appliances/refrigerator-buying-guide.html
2025-04-16 13:58:18,870 - INFO - Scraping website: https://www.us-appliance.com/kiov.html
2025-04-16 13:58:20,378 - INFO - Saved data from https://www.us-appliance.com/kiov.html
2025-04-16 13:58:20,379 - INFO - Completed scraping 10 websites for query: best Kitchen aid 2025
2025-04-16 13:58:28,036 - INFO - GoogleScraper initialized
2025-04-16 13:58:28,036 - INFO - Starting scraping process for query: best Air purifiers 2025
2025-04-16 13:58:28,036 - INFO - Searching for: best Air purifiers 2025
2025-04-16 13:58:32,361 - INFO - Found 19 valid results after filtering excluded domains
2025-04-16 13:58:37,298 - INFO - Scraping website: https://www.nytimes.com/wirecutter/reviews/best-air-purifier/
2025-04-16 13:58:39,438 - INFO - Saved data from https://www.nytimes.com/wirecutter/reviews/best-air-purifier/
2025-04-16 13:58:44,358 - INFO - Scraping website: https://www.consumerreports.org/appliances/air-purifiers/best-air-purifiers-of-the-year-a1197763201/
2025-04-16 13:58:46,308 - INFO - Saved data from https://www.consumerreports.org/appliances/air-purifiers/best-air-purifiers-of-the-year-a1197763201/
2025-04-16 13:58:50,629 - INFO - Scraping website: https://nymag.com/strategist/article/best-air-purifier.html
2025-04-16 13:58:53,078 - INFO - Saved data from https://nymag.com/strategist/article/best-air-purifier.html
2025-04-16 13:58:57,903 - INFO - Scraping website: https://www.cnet.com/home/kitchen-and-household/best-air-purifier/
2025-04-16 13:58:59,548 - INFO - Saved data from https://www.cnet.com/home/kitchen-and-household/best-air-purifier/
2025-04-16 13:59:04,238 - INFO - Scraping website: https://www.thespruce.com/best-air-purifiers-4062977
2025-04-16 13:59:05,387 - INFO - Saved data from https://www.thespruce.com/best-air-purifiers-4062977
2025-04-16 13:59:09,405 - INFO - Scraping website: https://www.wired.com/gallery/best-air-purifiers/
2025-04-16 13:59:10,998 - INFO - Saved data from https://www.wired.com/gallery/best-air-purifiers/
2025-04-16 13:59:15,925 - INFO - Scraping website: https://www.pcmag.com/picks/the-best-smart-air-purifiers
2025-04-16 13:59:16,080 - ERROR - Error scraping https://www.pcmag.com/picks/the-best-smart-air-purifiers: 403 Client Error: Forbidden for url: https://www.pcmag.com/picks/the-best-smart-air-purifiers
2025-04-16 13:59:21,042 - INFO - Scraping website: https://www.techgearlab.com/topics/health-fitness/best-air-purifier
2025-04-16 13:59:22,308 - INFO - Saved data from https://www.techgearlab.com/topics/health-fitness/best-air-purifier
2025-04-16 13:59:27,157 - INFO - Scraping website: https://www.livescience.com/best-air-purifiers
2025-04-16 13:59:28,708 - INFO - Saved data from https://www.livescience.com/best-air-purifiers
2025-04-16 13:59:33,033 - INFO - Scraping website: https://www.techradar.com/best/the-best-air-purifier-year-for-cleaner-healthier-air-in-the-home
2025-04-16 13:59:34,075 - INFO - Saved data from https://www.techradar.com/best/the-best-air-purifier-year-for-cleaner-healthier-air-in-the-home
2025-04-16 13:59:34,076 - INFO - Completed scraping 9 websites for query: best Air purifiers 2025
